60 40
                 xxxxxxx                                    
                                                            
                                                            
                                                            
        s                   s                               
                                                            
                                                            
                                                            
                                                            
                                                            
                                                            
                  x                                         
                  x                 s                       
                  x                                         
       xxxxxxxxxx xxxxxxxxxx                                
                  x                                         
                  x                                         
                  x                                         
                                                            
       s                 s                                  
                                                            
                  x                                         
                  x                                         
                  x                                         
                  xxxxxxxxxx                                
                                                            
                                                            
                                                            
                                                            
                       s                                    
                                                            
                                                            
                                                            
                                                            
                                                            
                                                            
                                                            
                                                            
                                                            
                                                            
