60 40
xxxxxxxxxxxxxxxxxxxxxxxxxxxxxxxxxxxxxxxxxxxxxxxxxxxxxxxxxxxx
x                                                          x
x                                                          x
x                                                          x
x                                                          x
x                                                          x
x                                                          x
x                                                          x
x                                                          x
x                                                          x
x                                                          x
x                                                          x
x                                                          x
x                                                          x
x                                                          x
x                                                          x
x                                                          x
x                                                          x
x                                                          x
x                                                          x
x                                                          x
x                                                          x
x                                                          x
x                                                          x
x                                                          x
x                                                          x
x                                                          x
x                                                          x
x                                                          x
x                                                          x
x                                                          x
x                                                          x
x                                                          x
x                                                          x
x                                                          x
x                                                          x
x                                                          x
x                                                          x
x                                                          x
xxxxxxxxxxxxxxxxxxxxxxxxxxxxxxxxxxxxxxxxxxxxxxxxxxxxxxxxxxxx
