60 40
                                                            
                                                            
                                                            
                                                            
        s                   s                               
                                                            
                                                        s   
                 x                                          
                 x                                          
         xxxxxxxxxx    xxxxxxxxxx                           
                 x                                          
                 x                                          
                 x                  s                       
                                                            
                                                            
              xxxxxxxxxxxxxxxxxxxxxxxxxxxxx                 
                                                            
                                                            
                                                            
                                                            
                          xxxxxxxxxx                        
       s                                                s   
                                                            
                                                            
                                                            
                                                            
                                                            
                                                            
                                                            
                       s                                    
                                                            
                                                            
                                                            
                                                            
                                                            
                                                            
                                                            
                                                            
                                                            
                                                            
